Archive member included to satisfy reference by file (symbol)

c:/program files/microchip/xc8/v2.31/avr/bin/../lib/gcc/avr/5.4.0/avr5/memx-const\libgcc.a(_udivmodsi4.o)
                              src/i2c_master.o (__udivmodsi4)
c:/program files/microchip/xc8/v2.31/avr/bin/../lib/gcc/avr/5.4.0/avr5/memx-const\libgcc.a(_exit.o)
                              C:/Program Files (x86)/Atmel/Studio/7.0/Packs/atmel/ATmega_DFP/1.6.364/xc8/avr/lib/avr5/memx-const/crtatmega328pb.o (exit)
c:/program files/microchip/xc8/v2.31/avr/bin/../lib/gcc/avr/5.4.0/avr5/memx-const\libgcc.a(_copy_data.o)
                              main.o (__do_copy_data)
c:/program files/microchip/xc8/v2.31/avr/bin/../lib/gcc/avr/5.4.0/../../../../avr/lib/avr5/memx-const\libc.a(strncmp_M.o)
                              examples/src/usart_basic_example.o (strncmp)
c:/program files/microchip/xc8/v2.31/avr/bin/../lib/gcc/avr/5.4.0/../../../../avr/lib/avr5/memx-const\libc.a(iob.o)
                              src/usart_basic.o (__iob)
c:/program files/microchip/xc8/v2.31/avr/bin/../lib/gcc/avr/5.4.0/../../../../avr/lib/avr5/memx-const\libc.a(printf.o)
                              examples/src/usart_basic_example.o (printf)
c:/program files/microchip/xc8/v2.31/avr/bin/../lib/gcc/avr/5.4.0/../../../../avr/lib/avr5/memx-const\libc.a(puts.o)
                              main.o (puts)
c:/program files/microchip/xc8/v2.31/avr/bin/../lib/gcc/avr/5.4.0/../../../../avr/lib/avr5/memx-const\libc.a(vfprintf_std.o)
                              c:/program files/microchip/xc8/v2.31/avr/bin/../lib/gcc/avr/5.4.0/../../../../avr/lib/avr5/memx-const\libc.a(printf.o) (vfprintf)
c:/program files/microchip/xc8/v2.31/avr/bin/../lib/gcc/avr/5.4.0/../../../../avr/lib/avr5/memx-const\libc.a(strnlen_M.o)
                              c:/program files/microchip/xc8/v2.31/avr/bin/../lib/gcc/avr/5.4.0/../../../../avr/lib/avr5/memx-const\libc.a(vfprintf_std.o) (strnlen)
c:/program files/microchip/xc8/v2.31/avr/bin/../lib/gcc/avr/5.4.0/../../../../avr/lib/avr5/memx-const\libc.a(fputc.o)
                              c:/program files/microchip/xc8/v2.31/avr/bin/../lib/gcc/avr/5.4.0/../../../../avr/lib/avr5/memx-const\libc.a(vfprintf_std.o) (fputc)
c:/program files/microchip/xc8/v2.31/avr/bin/../lib/gcc/avr/5.4.0/../../../../avr/lib/avr5/memx-const\libc.a(ultoa_invert.o)
                              c:/program files/microchip/xc8/v2.31/avr/bin/../lib/gcc/avr/5.4.0/../../../../avr/lib/avr5/memx-const\libc.a(vfprintf_std.o) (__ultoa_invert)
c:/program files/microchip/xc8/v2.31/avr/bin/../lib/gcc/avr/5.4.0/avr5/memx-const\libgcc.a(_prologue.o)
                              c:/program files/microchip/xc8/v2.31/avr/bin/../lib/gcc/avr/5.4.0/../../../../avr/lib/avr5/memx-const\libc.a(printf.o) (__prologue_saves__)
c:/program files/microchip/xc8/v2.31/avr/bin/../lib/gcc/avr/5.4.0/avr5/memx-const\libgcc.a(_epilogue.o)
                              c:/program files/microchip/xc8/v2.31/avr/bin/../lib/gcc/avr/5.4.0/../../../../avr/lib/avr5/memx-const\libc.a(printf.o) (__epilogue_restores__)

Allocating common symbols
Common symbol       size              file

system_mode_count   0x1               main.o
relay_state         0x5               main.o
btn_timeout         0x8               main.o
system_blink        0x1               main.o
read_data           0x2               examples/src/i2c_master_example.o
btn_state           0x8               main.o
__iob               0x6               c:/program files/microchip/xc8/v2.31/avr/bin/../lib/gcc/avr/5.4.0/../../../../avr/lib/avr5/memx-const\libc.a(iob.o)

Discarded input sections

 .data          0x0000000000000000        0x0 C:/Program Files (x86)/Atmel/Studio/7.0/Packs/atmel/ATmega_DFP/1.6.364/xc8/avr/lib/avr5/memx-const/crtatmega328pb.o
 .bss           0x0000000000000000        0x0 C:/Program Files (x86)/Atmel/Studio/7.0/Packs/atmel/ATmega_DFP/1.6.364/xc8/avr/lib/avr5/memx-const/crtatmega328pb.o
 .text          0x0000000000000000        0x0 atmel_start.o
 .data          0x0000000000000000        0x0 atmel_start.o
 .bss           0x0000000000000000        0x0 atmel_start.o
 .text          0x0000000000000000        0x0 driver_isr.o
 .data          0x0000000000000000        0x0 driver_isr.o
 .bss           0x0000000000000000        0x0 driver_isr.o
 .comment       0x0000000000000000       0x30 driver_isr.o
 .text          0x0000000000000000        0x0 examples/src/i2c_master_example.o
 .data          0x0000000000000000        0x0 examples/src/i2c_master_example.o
 .bss           0x0000000000000000        0x0 examples/src/i2c_master_example.o
 .text.I2C_0_read_handler
                0x0000000000000000       0x1e examples/src/i2c_master_example.o
 .text.I2C_0_do_transfer
                0x0000000000000000       0x86 examples/src/i2c_master_example.o
 .text.I2C_0_test_i2c_master
                0x0000000000000000       0x10 examples/src/i2c_master_example.o
 .comment       0x0000000000000000       0x30 examples/src/i2c_master_example.o
 COMMON         0x0000000000000000        0x2 examples/src/i2c_master_example.o
 .text          0x0000000000000000        0x0 examples/src/usart_basic_example.o
 .data          0x0000000000000000        0x0 examples/src/usart_basic_example.o
 .bss           0x0000000000000000        0x0 examples/src/usart_basic_example.o
 .progmemx.data
                0x0000000000000000        0x9 examples/src/usart_basic_example.o
 .text.USART_0_test_usart_basic
                0x0000000000000000       0x84 examples/src/usart_basic_example.o
 .bss.rx        0x0000000000000000       0x10 examples/src/usart_basic_example.o
 .comment       0x0000000000000000       0x30 examples/src/usart_basic_example.o
 .text          0x0000000000000000        0x0 main.o
 .data          0x0000000000000000        0x0 main.o
 .bss           0x0000000000000000        0x0 main.o
 .text.power_up_ready
                0x0000000000000000       0x18 main.o
 .text.power_down_ready
                0x0000000000000000       0x18 main.o
 .text.setLED   0x0000000000000000       0x34 main.o
 .text.relay_toggle
                0x0000000000000000       0x12 main.o
 .progmemx.data.I2C_SLAVE
                0x0000000000000000        0x1 main.o
 .progmemx.data.PGM_STATE_MAX
                0x0000000000000000        0x1 main.o
 .progmemx.data.order_power_up
                0x0000000000000000        0x4 main.o
 .text          0x0000000000000000        0x0 src/driver_init.o
 .data          0x0000000000000000        0x0 src/driver_init.o
 .bss           0x0000000000000000        0x0 src/driver_init.o
 .text.TIMER_0_initialization
                0x0000000000000000        0x4 src/driver_init.o
 .text.TIMER_1_initialization
                0x0000000000000000        0x4 src/driver_init.o
 .text.TIMER_2_initialization
                0x0000000000000000        0x4 src/driver_init.o
 .text          0x0000000000000000        0x0 src/i2c_master.o
 .data          0x0000000000000000        0x0 src/i2c_master.o
 .bss           0x0000000000000000        0x0 src/i2c_master.o
 .text.I2C_0_set_write_collision_callback
                0x0000000000000000       0x2c src/i2c_master.o
 .text.I2C_0_set_data_nack_callback
                0x0000000000000000       0x2c src/i2c_master.o
 .text.I2C_0_set_timeout_callback
                0x0000000000000000       0x2c src/i2c_master.o
 .text.I2C_0_set_address
                0x0000000000000000        0x6 src/i2c_master.o
 .text.I2C_0_set_timeout
                0x0000000000000000       0x1c src/i2c_master.o
 .text.I2C_0_set_baud_rate
                0x0000000000000000       0x5a src/i2c_master.o
 .text.I2C_0_master_operation
                0x0000000000000000       0x2e src/i2c_master.o
 .text.I2C_0_master_read
                0x0000000000000000       0x26 src/i2c_master.o
 .text          0x0000000000000000        0x0 src/i2c_simple_master.o
 .data          0x0000000000000000        0x0 src/i2c_simple_master.o
 .bss           0x0000000000000000        0x0 src/i2c_simple_master.o
 .text.I2C_0_rd1RegCompleteHandler
                0x0000000000000000       0x18 src/i2c_simple_master.o
 .text.I2C_0_rd2RegCompleteHandler
                0x0000000000000000       0x18 src/i2c_simple_master.o
 .text.I2C_0_wr2RegCompleteHandler
                0x0000000000000000       0x18 src/i2c_simple_master.o
 .text.I2C_0_rdBlkRegCompleteHandler
                0x0000000000000000       0x1e src/i2c_simple_master.o
 .text.I2C_0_writeNBytes
                0x0000000000000000       0x68 src/i2c_simple_master.o
 .text.I2C_0_read1ByteRegister
                0x0000000000000000       0x78 src/i2c_simple_master.o
 .text.I2C_0_read2ByteRegister
                0x0000000000000000       0x66 src/i2c_simple_master.o
 .text.I2C_0_write2ByteRegister
                0x0000000000000000       0x86 src/i2c_simple_master.o
 .text.I2C_0_readDataBlock
                0x0000000000000000       0x90 src/i2c_simple_master.o
 .text.I2C_0_readNBytes
                0x0000000000000000       0x5c src/i2c_simple_master.o
 .text          0x0000000000000000        0x0 src/i2c_types.o
 .data          0x0000000000000000        0x0 src/i2c_types.o
 .bss           0x0000000000000000        0x0 src/i2c_types.o
 .text.i2c_cb_return_stop
                0x0000000000000000        0x4 src/i2c_types.o
 .text.i2c_cb_return_reset
                0x0000000000000000        0x4 src/i2c_types.o
 .text.i2c_cb_restart_read
                0x0000000000000000        0x4 src/i2c_types.o
 .text          0x0000000000000000        0x0 src/protected_io.o
 .data          0x0000000000000000        0x0 src/protected_io.o
 .bss           0x0000000000000000        0x0 src/protected_io.o
 .text          0x0000000000000000        0x0 src/tc16.o
 .data          0x0000000000000000        0x0 src/tc16.o
 .bss           0x0000000000000000        0x0 src/tc16.o
 .text          0x0000000000000000        0x0 src/tc8.o
 .data          0x0000000000000000        0x0 src/tc8.o
 .bss           0x0000000000000000        0x0 src/tc8.o
 .text          0x0000000000000000        0x0 src/usart_basic.o
 .data          0x0000000000000000        0x0 src/usart_basic.o
 .bss           0x0000000000000000        0x0 src/usart_basic.o
 .text.USART_0_enable
                0x0000000000000000        0xc src/usart_basic.o
 .text.USART_0_enable_rx
                0x0000000000000000        0xc src/usart_basic.o
 .text.USART_0_enable_tx
                0x0000000000000000        0xc src/usart_basic.o
 .text.USART_0_disable
                0x0000000000000000        0xc src/usart_basic.o
 .text.USART_0_get_data
                0x0000000000000000        0x6 src/usart_basic.o
 .text.USART_0_is_tx_ready
                0x0000000000000000        0xc src/usart_basic.o
 .text.USART_0_is_rx_ready
                0x0000000000000000        0xc src/usart_basic.o
 .text.USART_0_is_tx_busy
                0x0000000000000000       0x10 src/usart_basic.o
 .text.USART_0_read
                0x0000000000000000        0xe src/usart_basic.o
 .text.USART_0_write
                0x0000000000000000        0xe src/usart_basic.o
 .text          0x0000000000000000        0x0 c:/program files/microchip/xc8/v2.31/avr/bin/../lib/gcc/avr/5.4.0/avr5/memx-const\libgcc.a(_udivmodsi4.o)
 .data          0x0000000000000000        0x0 c:/program files/microchip/xc8/v2.31/avr/bin/../lib/gcc/avr/5.4.0/avr5/memx-const\libgcc.a(_udivmodsi4.o)
 .bss           0x0000000000000000        0x0 c:/program files/microchip/xc8/v2.31/avr/bin/../lib/gcc/avr/5.4.0/avr5/memx-const\libgcc.a(_udivmodsi4.o)
 .text.libgcc.mul
                0x0000000000000000        0x0 c:/program files/microchip/xc8/v2.31/avr/bin/../lib/gcc/avr/5.4.0/avr5/memx-const\libgcc.a(_udivmodsi4.o)
 .text.libgcc.div
                0x0000000000000000       0x44 c:/program files/microchip/xc8/v2.31/avr/bin/../lib/gcc/avr/5.4.0/avr5/memx-const\libgcc.a(_udivmodsi4.o)
 .text.libgcc   0x0000000000000000        0x0 c:/program files/microchip/xc8/v2.31/avr/bin/../lib/gcc/avr/5.4.0/avr5/memx-const\libgcc.a(_udivmodsi4.o)
 .text.libgcc.prologue
                0x0000000000000000        0x0 c:/program files/microchip/xc8/v2.31/avr/bin/../lib/gcc/avr/5.4.0/avr5/memx-const\libgcc.a(_udivmodsi4.o)
 .text.libgcc.builtins
                0x0000000000000000        0x0 c:/program files/microchip/xc8/v2.31/avr/bin/../lib/gcc/avr/5.4.0/avr5/memx-const\libgcc.a(_udivmodsi4.o)
 .text.libgcc.fmul
                0x0000000000000000        0x0 c:/program files/microchip/xc8/v2.31/avr/bin/../lib/gcc/avr/5.4.0/avr5/memx-const\libgcc.a(_udivmodsi4.o)
 .text.libgcc.fixed
                0x0000000000000000        0x0 c:/program files/microchip/xc8/v2.31/avr/bin/../lib/gcc/avr/5.4.0/avr5/memx-const\libgcc.a(_udivmodsi4.o)
 .text          0x0000000000000000        0x0 c:/program files/microchip/xc8/v2.31/avr/bin/../lib/gcc/avr/5.4.0/avr5/memx-const\libgcc.a(_exit.o)
 .data          0x0000000000000000        0x0 c:/program files/microchip/xc8/v2.31/avr/bin/../lib/gcc/avr/5.4.0/avr5/memx-const\libgcc.a(_exit.o)
 .bss           0x0000000000000000        0x0 c:/program files/microchip/xc8/v2.31/avr/bin/../lib/gcc/avr/5.4.0/avr5/memx-const\libgcc.a(_exit.o)
 .text.libgcc.mul
                0x0000000000000000        0x0 c:/program files/microchip/xc8/v2.31/avr/bin/../lib/gcc/avr/5.4.0/avr5/memx-const\libgcc.a(_exit.o)
 .text.libgcc.div
                0x0000000000000000        0x0 c:/program files/microchip/xc8/v2.31/avr/bin/../lib/gcc/avr/5.4.0/avr5/memx-const\libgcc.a(_exit.o)
 .text.libgcc   0x0000000000000000        0x0 c:/program files/microchip/xc8/v2.31/avr/bin/../lib/gcc/avr/5.4.0/avr5/memx-const\libgcc.a(_exit.o)
 .text.libgcc.prologue
                0x0000000000000000        0x0 c:/program files/microchip/xc8/v2.31/avr/bin/../lib/gcc/avr/5.4.0/avr5/memx-const\libgcc.a(_exit.o)
 .text.libgcc.builtins
                0x0000000000000000        0x0 c:/program files/microchip/xc8/v2.31/avr/bin/../lib/gcc/avr/5.4.0/avr5/memx-const\libgcc.a(_exit.o)
 .text.libgcc.fmul
                0x0000000000000000        0x0 c:/program files/microchip/xc8/v2.31/avr/bin/../lib/gcc/avr/5.4.0/avr5/memx-const\libgcc.a(_exit.o)
 .text.libgcc.fixed
                0x0000000000000000        0x0 c:/program files/microchip/xc8/v2.31/avr/bin/../lib/gcc/avr/5.4.0/avr5/memx-const\libgcc.a(_exit.o)
 .text          0x0000000000000000        0x0 c:/program files/microchip/xc8/v2.31/avr/bin/../lib/gcc/avr/5.4.0/avr5/memx-const\libgcc.a(_copy_data.o)
 .data          0x0000000000000000        0x0 c:/program files/microchip/xc8/v2.31/avr/bin/../lib/gcc/avr/5.4.0/avr5/memx-const\libgcc.a(_copy_data.o)
 .bss           0x0000000000000000        0x0 c:/program files/microchip/xc8/v2.31/avr/bin/../lib/gcc/avr/5.4.0/avr5/memx-const\libgcc.a(_copy_data.o)
 .text.libgcc.mul
                0x0000000000000000        0x0 c:/program files/microchip/xc8/v2.31/avr/bin/../lib/gcc/avr/5.4.0/avr5/memx-const\libgcc.a(_copy_data.o)
 .text.libgcc.div
                0x0000000000000000        0x0 c:/program files/microchip/xc8/v2.31/avr/bin/../lib/gcc/avr/5.4.0/avr5/memx-const\libgcc.a(_copy_data.o)
 .text.libgcc   0x0000000000000000        0x0 c:/program files/microchip/xc8/v2.31/avr/bin/../lib/gcc/avr/5.4.0/avr5/memx-const\libgcc.a(_copy_data.o)
 .text.libgcc.prologue
                0x0000000000000000        0x0 c:/program files/microchip/xc8/v2.31/avr/bin/../lib/gcc/avr/5.4.0/avr5/memx-const\libgcc.a(_copy_data.o)
 .text.libgcc.builtins
                0x0000000000000000        0x0 c:/program files/microchip/xc8/v2.31/avr/bin/../lib/gcc/avr/5.4.0/avr5/memx-const\libgcc.a(_copy_data.o)
 .text.libgcc.fmul
                0x0000000000000000        0x0 c:/program files/microchip/xc8/v2.31/avr/bin/../lib/gcc/avr/5.4.0/avr5/memx-const\libgcc.a(_copy_data.o)
 .text.libgcc.fixed
                0x0000000000000000        0x0 c:/program files/microchip/xc8/v2.31/avr/bin/../lib/gcc/avr/5.4.0/avr5/memx-const\libgcc.a(_copy_data.o)
 .text          0x0000000000000000        0x0 c:/program files/microchip/xc8/v2.31/avr/bin/../lib/gcc/avr/5.4.0/../../../../avr/lib/avr5/memx-const\libc.a(strncmp_M.o)
 .data          0x0000000000000000        0x0 c:/program files/microchip/xc8/v2.31/avr/bin/../lib/gcc/avr/5.4.0/../../../../avr/lib/avr5/memx-const\libc.a(strncmp_M.o)
 .bss           0x0000000000000000        0x0 c:/program files/microchip/xc8/v2.31/avr/bin/../lib/gcc/avr/5.4.0/../../../../avr/lib/avr5/memx-const\libc.a(strncmp_M.o)
 .text.avrlibc  0x0000000000000000       0x6a c:/program files/microchip/xc8/v2.31/avr/bin/../lib/gcc/avr/5.4.0/../../../../avr/lib/avr5/memx-const\libc.a(strncmp_M.o)
 .comment       0x0000000000000000       0x2d c:/program files/microchip/xc8/v2.31/avr/bin/../lib/gcc/avr/5.4.0/../../../../avr/lib/avr5/memx-const\libc.a(strncmp_M.o)
 .text          0x0000000000000000        0x0 c:/program files/microchip/xc8/v2.31/avr/bin/../lib/gcc/avr/5.4.0/../../../../avr/lib/avr5/memx-const\libc.a(iob.o)
 .data          0x0000000000000000        0x0 c:/program files/microchip/xc8/v2.31/avr/bin/../lib/gcc/avr/5.4.0/../../../../avr/lib/avr5/memx-const\libc.a(iob.o)
 .bss           0x0000000000000000        0x0 c:/program files/microchip/xc8/v2.31/avr/bin/../lib/gcc/avr/5.4.0/../../../../avr/lib/avr5/memx-const\libc.a(iob.o)
 .text          0x0000000000000000        0x0 c:/program files/microchip/xc8/v2.31/avr/bin/../lib/gcc/avr/5.4.0/../../../../avr/lib/avr5/memx-const\libc.a(printf.o)
 .data          0x0000000000000000        0x0 c:/program files/microchip/xc8/v2.31/avr/bin/../lib/gcc/avr/5.4.0/../../../../avr/lib/avr5/memx-const\libc.a(printf.o)
 .bss           0x0000000000000000        0x0 c:/program files/microchip/xc8/v2.31/avr/bin/../lib/gcc/avr/5.4.0/../../../../avr/lib/avr5/memx-const\libc.a(printf.o)
 .text          0x0000000000000000        0x0 c:/program files/microchip/xc8/v2.31/avr/bin/../lib/gcc/avr/5.4.0/../../../../avr/lib/avr5/memx-const\libc.a(puts.o)
 .data          0x0000000000000000        0x0 c:/program files/microchip/xc8/v2.31/avr/bin/../lib/gcc/avr/5.4.0/../../../../avr/lib/avr5/memx-const\libc.a(puts.o)
 .bss           0x0000000000000000        0x0 c:/program files/microchip/xc8/v2.31/avr/bin/../lib/gcc/avr/5.4.0/../../../../avr/lib/avr5/memx-const\libc.a(puts.o)
 .text          0x0000000000000000        0x0 c:/program files/microchip/xc8/v2.31/avr/bin/../lib/gcc/avr/5.4.0/../../../../avr/lib/avr5/memx-const\libc.a(vfprintf_std.o)
 .data          0x0000000000000000        0x0 c:/program files/microchip/xc8/v2.31/avr/bin/../lib/gcc/avr/5.4.0/../../../../avr/lib/avr5/memx-const\libc.a(vfprintf_std.o)
 .bss           0x0000000000000000        0x0 c:/program files/microchip/xc8/v2.31/avr/bin/../lib/gcc/avr/5.4.0/../../../../avr/lib/avr5/memx-const\libc.a(vfprintf_std.o)
 .text          0x0000000000000000        0x0 c:/program files/microchip/xc8/v2.31/avr/bin/../lib/gcc/avr/5.4.0/../../../../avr/lib/avr5/memx-const\libc.a(strnlen_M.o)
 .data          0x0000000000000000        0x0 c:/program files/microchip/xc8/v2.31/avr/bin/../lib/gcc/avr/5.4.0/../../../../avr/lib/avr5/memx-const\libc.a(strnlen_M.o)
 .bss           0x0000000000000000        0x0 c:/program files/microchip/xc8/v2.31/avr/bin/../lib/gcc/avr/5.4.0/../../../../avr/lib/avr5/memx-const\libc.a(strnlen_M.o)
 .text          0x0000000000000000        0x0 c:/program files/microchip/xc8/v2.31/avr/bin/../lib/gcc/avr/5.4.0/../../../../avr/lib/avr5/memx-const\libc.a(fputc.o)
 .data          0x0000000000000000        0x0 c:/program files/microchip/xc8/v2.31/avr/bin/../lib/gcc/avr/5.4.0/../../../../avr/lib/avr5/memx-const\libc.a(fputc.o)
 .bss           0x0000000000000000        0x0 c:/program files/microchip/xc8/v2.31/avr/bin/../lib/gcc/avr/5.4.0/../../../../avr/lib/avr5/memx-const\libc.a(fputc.o)
 .text          0x0000000000000000        0x0 c:/program files/microchip/xc8/v2.31/avr/bin/../lib/gcc/avr/5.4.0/../../../../avr/lib/avr5/memx-const\libc.a(ultoa_invert.o)
 .data          0x0000000000000000        0x0 c:/program files/microchip/xc8/v2.31/avr/bin/../lib/gcc/avr/5.4.0/../../../../avr/lib/avr5/memx-const\libc.a(ultoa_invert.o)
 .bss           0x0000000000000000        0x0 c:/program files/microchip/xc8/v2.31/avr/bin/../lib/gcc/avr/5.4.0/../../../../avr/lib/avr5/memx-const\libc.a(ultoa_invert.o)
 .text          0x0000000000000000        0x0 c:/program files/microchip/xc8/v2.31/avr/bin/../lib/gcc/avr/5.4.0/avr5/memx-const\libgcc.a(_prologue.o)
 .data          0x0000000000000000        0x0 c:/program files/microchip/xc8/v2.31/avr/bin/../lib/gcc/avr/5.4.0/avr5/memx-const\libgcc.a(_prologue.o)
 .bss           0x0000000000000000        0x0 c:/program files/microchip/xc8/v2.31/avr/bin/../lib/gcc/avr/5.4.0/avr5/memx-const\libgcc.a(_prologue.o)
 .text.libgcc.mul
                0x0000000000000000        0x0 c:/program files/microchip/xc8/v2.31/avr/bin/../lib/gcc/avr/5.4.0/avr5/memx-const\libgcc.a(_prologue.o)
 .text.libgcc.div
                0x0000000000000000        0x0 c:/program files/microchip/xc8/v2.31/avr/bin/../lib/gcc/avr/5.4.0/avr5/memx-const\libgcc.a(_prologue.o)
 .text.libgcc   0x0000000000000000        0x0 c:/program files/microchip/xc8/v2.31/avr/bin/../lib/gcc/avr/5.4.0/avr5/memx-const\libgcc.a(_prologue.o)
 .text.libgcc.builtins
                0x0000000000000000        0x0 c:/program files/microchip/xc8/v2.31/avr/bin/../lib/gcc/avr/5.4.0/avr5/memx-const\libgcc.a(_prologue.o)
 .text.libgcc.fmul
                0x0000000000000000        0x0 c:/program files/microchip/xc8/v2.31/avr/bin/../lib/gcc/avr/5.4.0/avr5/memx-const\libgcc.a(_prologue.o)
 .text.libgcc.fixed
                0x0000000000000000        0x0 c:/program files/microchip/xc8/v2.31/avr/bin/../lib/gcc/avr/5.4.0/avr5/memx-const\libgcc.a(_prologue.o)
 .text          0x0000000000000000        0x0 c:/program files/microchip/xc8/v2.31/avr/bin/../lib/gcc/avr/5.4.0/avr5/memx-const\libgcc.a(_epilogue.o)
 .data          0x0000000000000000        0x0 c:/program files/microchip/xc8/v2.31/avr/bin/../lib/gcc/avr/5.4.0/avr5/memx-const\libgcc.a(_epilogue.o)
 .bss           0x0000000000000000        0x0 c:/program files/microchip/xc8/v2.31/avr/bin/../lib/gcc/avr/5.4.0/avr5/memx-const\libgcc.a(_epilogue.o)
 .text.libgcc.mul
                0x0000000000000000        0x0 c:/program files/microchip/xc8/v2.31/avr/bin/../lib/gcc/avr/5.4.0/avr5/memx-const\libgcc.a(_epilogue.o)
 .text.libgcc.div
                0x0000000000000000        0x0 c:/program files/microchip/xc8/v2.31/avr/bin/../lib/gcc/avr/5.4.0/avr5/memx-const\libgcc.a(_epilogue.o)
 .text.libgcc   0x0000000000000000        0x0 c:/program files/microchip/xc8/v2.31/avr/bin/../lib/gcc/avr/5.4.0/avr5/memx-const\libgcc.a(_epilogue.o)
 .text.libgcc.builtins
                0x0000000000000000        0x0 c:/program files/microchip/xc8/v2.31/avr/bin/../lib/gcc/avr/5.4.0/avr5/memx-const\libgcc.a(_epilogue.o)
 .text.libgcc.fmul
                0x0000000000000000        0x0 c:/program files/microchip/xc8/v2.31/avr/bin/../lib/gcc/avr/5.4.0/avr5/memx-const\libgcc.a(_epilogue.o)
 .text.libgcc.fixed
                0x0000000000000000        0x0 c:/program files/microchip/xc8/v2.31/avr/bin/../lib/gcc/avr/5.4.0/avr5/memx-const\libgcc.a(_epilogue.o)

Memory Configuration

Name             Origin             Length             Attributes
text             0x0000000000000000 0x0000000000008000 xr
data             0x0000000000800100 0x0000000000000800 rw !x
eeprom           0x0000000000810000 0x0000000000000400 rw !x
fuse             0x0000000000820000 0x0000000000000003 rw !x
lock             0x0000000000830000 0x0000000000000400 rw !x
signature        0x0000000000840000 0x0000000000000400 rw !x
user_signatures  0x0000000000850000 0x0000000000000400 rw !x
*default*        0x0000000000000000 0xffffffffffffffff

Linker script and memory map

Address of section .data set to 0x800100
LOAD C:/Program Files (x86)/Atmel/Studio/7.0/Packs/atmel/ATmega_DFP/1.6.364/xc8/avr/lib/avr5/memx-const/crtatmega328pb.o
LOAD atmel_start.o
LOAD driver_isr.o
LOAD examples/src/i2c_master_example.o
LOAD examples/src/usart_basic_example.o
LOAD main.o
LOAD src/driver_init.o
LOAD src/i2c_master.o
LOAD src/i2c_simple_master.o
LOAD src/i2c_types.o
LOAD src/protected_io.o
LOAD src/tc16.o
LOAD src/tc8.o
LOAD src/usart_basic.o
START GROUP
LOAD c:/program files/microchip/xc8/v2.31/avr/bin/../lib/gcc/avr/5.4.0/../../../../avr/lib/avr5/memx-const\libm.a
END GROUP
START GROUP
LOAD c:/program files/microchip/xc8/v2.31/avr/bin/../lib/gcc/avr/5.4.0/avr5/memx-const\libgcc.a
LOAD c:/program files/microchip/xc8/v2.31/avr/bin/../lib/gcc/avr/5.4.0/../../../../avr/lib/avr5/memx-const\libm.a
LOAD c:/program files/microchip/xc8/v2.31/avr/bin/../lib/gcc/avr/5.4.0/../../../../avr/lib/avr5/memx-const\libc.a
LOAD C:/Program Files (x86)/Atmel/Studio/7.0/Packs/atmel/ATmega_DFP/1.6.364/xc8/avr/lib/avr5/memx-const\libatmega328pb.a
END GROUP
                [0x0000000000000000]                __TEXT_REGION_ORIGIN__ = DEFINED (__TEXT_REGION_ORIGIN__)?__TEXT_REGION_ORIGIN__:0x0
                [0x0000000000800100]                __DATA_REGION_ORIGIN__ = DEFINED (__DATA_REGION_ORIGIN__)?__DATA_REGION_ORIGIN__:0x800060
                [0x0000000000008000]                __TEXT_REGION_LENGTH__ = DEFINED (__TEXT_REGION_LENGTH__)?__TEXT_REGION_LENGTH__:0x20000
                [0x0000000000000800]                __DATA_REGION_LENGTH__ = DEFINED (__DATA_REGION_LENGTH__)?__DATA_REGION_LENGTH__:0xffa0
                [0x0000000000000400]                __EEPROM_REGION_LENGTH__ = DEFINED (__EEPROM_REGION_LENGTH__)?__EEPROM_REGION_LENGTH__:0x10000
                [0x0000000000000003]                __FUSE_REGION_LENGTH__ = DEFINED (__FUSE_REGION_LENGTH__)?__FUSE_REGION_LENGTH__:0x400
                0x0000000000000400                __LOCK_REGION_LENGTH__ = DEFINED (__LOCK_REGION_LENGTH__)?__LOCK_REGION_LENGTH__:0x400
                0x0000000000000400                __SIGNATURE_REGION_LENGTH__ = DEFINED (__SIGNATURE_REGION_LENGTH__)?__SIGNATURE_REGION_LENGTH__:0x400
                0x0000000000000400                __USER_SIGNATURE_REGION_LENGTH__ = DEFINED (__USER_SIGNATURE_REGION_LENGTH__)?__USER_SIGNATURE_REGION_LENGTH__:0x400

.hash
 *(.hash)

.dynsym
 *(.dynsym)

.dynstr
 *(.dynstr)

.gnu.version
 *(.gnu.version)

.gnu.version_d
 *(.gnu.version_d)

.gnu.version_r
 *(.gnu.version_r)

.rel.init
 *(.rel.init)

.rela.init
 *(.rela.init)

.rel.text
 *(.rel.text)
 *(.rel.text.*)
 *(.rel.gnu.linkonce.t*)

.rela.text
 *(.rela.text)
 *(.rela.text.*)
 *(.rela.gnu.linkonce.t*)

.rel.fini
 *(.rel.fini)

.rela.fini
 *(.rela.fini)

.rel.rodata
 *(.rel.rodata)
 *(.rel.rodata.*)
 *(.rel.gnu.linkonce.r*)

.rela.rodata
 *(.rela.rodata)
 *(.rela.rodata.*)
 *(.rela.gnu.linkonce.r*)

.rel.data
 *(.rel.data)
 *(.rel.data.*)
 *(.rel.gnu.linkonce.d*)

.rela.data
 *(.rela.data)
 *(.rela.data.*)
 *(.rela.gnu.linkonce.d*)

.rel.ctors
 *(.rel.ctors)

.rela.ctors
 *(.rela.ctors)

.rel.dtors
 *(.rel.dtors)

.rela.dtors
 *(.rela.dtors)

.rel.got
 *(.rel.got)

.rela.got
 *(.rela.got)

.rel.bss
 *(.rel.bss)

.rela.bss
 *(.rela.bss)

.rel.plt
 *(.rel.plt)

.rela.plt
 *(.rela.plt)

.text           0x0000000000000000      0x116
 *(.vectors)
 .vectors       0x0000000000000000       0xb4 C:/Program Files (x86)/Atmel/Studio/7.0/Packs/atmel/ATmega_DFP/1.6.364/xc8/avr/lib/avr5/memx-const/crtatmega328pb.o
                0x0000000000000000                __vector_default
                0x0000000000000000                __vectors
 *(.vectors)
 *(.progmem.gcc*)
 *(.dinit)
 .dinit         0x00000000000000b4       0x11 data_init
                0x00000000000000c6                . = ALIGN (0x2)
 *fill*         0x00000000000000c5        0x1 
                0x00000000000000c6                __trampolines_start = .
 *(.trampolines)
 .trampolines   0x00000000000000c6        0x0 linker stubs
 *(.trampolines*)
                0x00000000000000c6                __trampolines_end = .
 *libprintf_flt.a:*(.progmem.data)
 *libc.a:*(.progmem.data)
                0x00000000000000c6                . = ALIGN (0x2)
 *(.jumptables)
 *(.jumptables*)
 *(.lowtext)
 *(.lowtext*)
                0x00000000000000c6                __ctors_start = .
 *(.ctors)
                0x00000000000000c6                __ctors_end = .
                0x00000000000000c6                __dtors_start = .
 *(.dtors)
                0x00000000000000c6                __dtors_end = .
 SORT(*)(.ctors)
 SORT(*)(.dtors)
 *(.init0)
 .init0         0x00000000000000c6        0x0 C:/Program Files (x86)/Atmel/Studio/7.0/Packs/atmel/ATmega_DFP/1.6.364/xc8/avr/lib/avr5/memx-const/crtatmega328pb.o
                0x00000000000000c6                __init
 *(.init0)
 *(.init1)
 *(.init1)
 *(.init2)
 .init2         0x00000000000000c6        0xc C:/Program Files (x86)/Atmel/Studio/7.0/Packs/atmel/ATmega_DFP/1.6.364/xc8/avr/lib/avr5/memx-const/crtatmega328pb.o
 *(.init2)
 *(.init3)
 *(.init3)
 *(.init4)
 .init4         0x00000000000000d2       0x3c c:/program files/microchip/xc8/v2.31/avr/bin/../lib/gcc/avr/5.4.0/avr5/memx-const\libgcc.a(_copy_data.o)
                0x00000000000000d2                __do_copy_data
                0x0000000000000100                __do_clear_bss
 *(.init4)
 *(.init5)
 *(.init5)
 *(.init6)
 *(.init6)
 *(.init7)
 *(.init7)
 *(.init8)
 *(.init8)
 *(.init9)
 .init9         0x000000000000010e        0x4 C:/Program Files (x86)/Atmel/Studio/7.0/Packs/atmel/ATmega_DFP/1.6.364/xc8/avr/lib/avr5/memx-const/crtatmega328pb.o
 *(.init9)
                0x0000000000000112                . = ALIGN (0x2)
 *(.fini9)
 .fini9         0x0000000000000112        0x0 c:/program files/microchip/xc8/v2.31/avr/bin/../lib/gcc/avr/5.4.0/avr5/memx-const\libgcc.a(_exit.o)
                0x0000000000000112                _exit
                0x0000000000000112                exit
 *(.fini9)
 *(.fini8)
 *(.fini8)
 *(.fini7)
 *(.fini7)
 *(.fini6)
 *(.fini6)
 *(.fini5)
 *(.fini5)
 *(.fini4)
 *(.fini4)
 *(.fini3)
 *(.fini3)
 *(.fini2)
 *(.fini2)
 *(.fini1)
 *(.fini1)
 *(.fini0)
 .fini0         0x0000000000000112        0x4 c:/program files/microchip/xc8/v2.31/avr/bin/../lib/gcc/avr/5.4.0/avr5/memx-const\libgcc.a(_exit.o)
 *(.fini0)
                0x0000000000000116                _etext = .

.data           0x0000000000800100        0x0 load address 0x0000000000000116
                [!provide]                        PROVIDE (__data_start, .)
 *(.gnu.linkonce.d*)
 *(.gnu.linkonce.r*)
                0x0000000000800100                . = ALIGN (0x2)
                0x0000000000800100                _edata = .
                [!provide]                        PROVIDE (__data_end, .)

.bss            0x0000000000800100       0x1d
                [!provide]                        PROVIDE (__bss_start, .)
 *(COMMON)
 COMMON         0x0000000000800100       0x17 main.o
                0x0000000000800100                system_mode_count
                0x0000000000800101                relay_state
                0x0000000000800106                btn_timeout
                0x000000000080010e                system_blink
                0x000000000080010f                btn_state
 COMMON         0x0000000000800117        0x6 c:/program files/microchip/xc8/v2.31/avr/bin/../lib/gcc/avr/5.4.0/../../../../avr/lib/avr5/memx-const\libc.a(iob.o)
                0x0000000000800117                __iob
                [!provide]                        PROVIDE (__bss_end, .)
                0x0000000000000116                __data_load_start = LOADADDR (.data)
                0x0000000000000116                __data_load_end = (__data_load_start + SIZEOF (.data))

.noinit         0x000000000080011d        0x0
                [!provide]                        PROVIDE (__noinit_start, .)
 *(.noinit*)
                [!provide]                        PROVIDE (__noinit_end, .)
                0x000000000080011d                _end = .

.eeprom         0x0000000000810000        0x0
 *(.eeprom*)
                0x0000000000810000                __eeprom_end = .

.fuse
 *(.fuse)
 *(.lfuse)
 *(.hfuse)
 *(.efuse)

.lock
 *(.lock*)

.signature
 *(.signature*)

.user_signatures
 *(.user_signatures*)

.stab
 *(.stab)

.stabstr
 *(.stabstr)

.stab.excl
 *(.stab.excl)

.stab.exclstr
 *(.stab.exclstr)

.stab.index
 *(.stab.index)

.stab.indexstr
 *(.stab.indexstr)

.comment        0x0000000000000000       0x5b
 *(.comment)
 .comment       0x0000000000000000       0x2f atmel_start.o
                                         0x30 (size before relaxing)
 .comment       0x000000000000002f       0x30 main.o
 .comment       0x000000000000002f       0x30 src/driver_init.o
 .comment       0x000000000000002f       0x30 src/i2c_master.o
 .comment       0x000000000000002f       0x30 src/i2c_simple_master.o
 .comment       0x000000000000002f       0x30 src/i2c_types.o
 .comment       0x000000000000002f       0x30 src/tc16.o
 .comment       0x000000000000002f       0x30 src/tc8.o
 .comment       0x000000000000002f       0x30 src/usart_basic.o
 .comment       0x000000000000002f       0x2c c:/program files/microchip/xc8/v2.31/avr/bin/../lib/gcc/avr/5.4.0/../../../../avr/lib/avr5/memx-const\libc.a(iob.o)
                                         0x2d (size before relaxing)
 .comment       0x000000000000005b       0x2d c:/program files/microchip/xc8/v2.31/avr/bin/../lib/gcc/avr/5.4.0/../../../../avr/lib/avr5/memx-const\libc.a(printf.o)
 .comment       0x000000000000005b       0x2d c:/program files/microchip/xc8/v2.31/avr/bin/../lib/gcc/avr/5.4.0/../../../../avr/lib/avr5/memx-const\libc.a(puts.o)
 .comment       0x000000000000005b       0x2d c:/program files/microchip/xc8/v2.31/avr/bin/../lib/gcc/avr/5.4.0/../../../../avr/lib/avr5/memx-const\libc.a(vfprintf_std.o)
 .comment       0x000000000000005b       0x2d c:/program files/microchip/xc8/v2.31/avr/bin/../lib/gcc/avr/5.4.0/../../../../avr/lib/avr5/memx-const\libc.a(strnlen_M.o)
 .comment       0x000000000000005b       0x2d c:/program files/microchip/xc8/v2.31/avr/bin/../lib/gcc/avr/5.4.0/../../../../avr/lib/avr5/memx-const\libc.a(fputc.o)

.note.gnu.build-id
 *(.note.gnu.build-id)

.debug
 *(.debug)

.line
 *(.line)

.debug_srcinfo
 *(.debug_srcinfo)

.debug_sfnames
 *(.debug_sfnames)

.debug_aranges
 *(.debug_aranges)

.debug_pubnames
 *(.debug_pubnames)

.debug_info     0x0000000000000000      0x8ea
 *(.debug_info .gnu.linkonce.wi.*)
 .debug_info    0x0000000000000000      0x8ea C:/Program Files (x86)/Atmel/Studio/7.0/Packs/atmel/ATmega_DFP/1.6.364/xc8/avr/lib/avr5/memx-const/crtatmega328pb.o

.debug_abbrev   0x0000000000000000      0x86e
 *(.debug_abbrev)
 .debug_abbrev  0x0000000000000000      0x86e C:/Program Files (x86)/Atmel/Studio/7.0/Packs/atmel/ATmega_DFP/1.6.364/xc8/avr/lib/avr5/memx-const/crtatmega328pb.o

.debug_line     0x0000000000000000      0x1a9
 *(.debug_line .debug_line.* .debug_line_end)
 .debug_line    0x0000000000000000      0x1a9 C:/Program Files (x86)/Atmel/Studio/7.0/Packs/atmel/ATmega_DFP/1.6.364/xc8/avr/lib/avr5/memx-const/crtatmega328pb.o

.debug_frame
 *(.debug_frame)

.debug_str      0x0000000000000000      0x318
 *(.debug_str)
 .debug_str     0x0000000000000000      0x318 C:/Program Files (x86)/Atmel/Studio/7.0/Packs/atmel/ATmega_DFP/1.6.364/xc8/avr/lib/avr5/memx-const/crtatmega328pb.o

.debug_loc
 *(.debug_loc)

.debug_macinfo
 *(.debug_macinfo)

.debug_weaknames
 *(.debug_weaknames)

.debug_funcnames
 *(.debug_funcnames)

.debug_typenames
 *(.debug_typenames)

.debug_varnames
 *(.debug_varnames)

.debug_pubtypes
 *(.debug_pubtypes)

.debug_ranges
 *(.debug_ranges)

.debug_macro
 *(.debug_macro)
OUTPUT(desk-light-ctl2.elf elf32-avr)
LOAD linker stubs
LOAD data_init

.note.gnu.avr.deviceinfo
                0x0000000000000000       0x40
 .note.gnu.avr.deviceinfo
                0x0000000000000000       0x40 C:/Program Files (x86)/Atmel/Studio/7.0/Packs/atmel/ATmega_DFP/1.6.364/xc8/avr/lib/avr5/memx-const/crtatmega328pb.o

.text.startup.main
                0x0000000000000116      0x27e
 .text.startup.main
                0x0000000000000116      0x27e main.o
                0x0000000000000116                main

.text.setLED.part.4
                0x0000000000000394       0x24
 .text.setLED.part.4
                0x0000000000000394       0x24 main.o

.text.avrlibc   0x00000000000003b8       0x90
 .text.avrlibc  0x00000000000003b8       0x90 c:/program files/microchip/xc8/v2.31/avr/bin/../lib/gcc/avr/5.4.0/../../../../avr/lib/avr5/memx-const\libc.a(puts.o)
                0x00000000000003b8                puts

.text.system_mode_change
                0x0000000000000448      0x16c
 .text.system_mode_change
                0x0000000000000448      0x16c main.o
                0x0000000000000448                system_mode_change

.text.button_action
                0x00000000000005b4      0x132
 .text.button_action
                0x00000000000005b4      0x132 main.o
                0x00000000000005b4                button_action

.text.avrlibc   0x00000000000006e6       0x28
 .text.avrlibc  0x00000000000006e6       0x28 c:/program files/microchip/xc8/v2.31/avr/bin/../lib/gcc/avr/5.4.0/../../../../avr/lib/avr5/memx-const\libc.a(printf.o)
                0x00000000000006e6                printf

.text.I2C_0_write1ByteRegister
                0x000000000000070e       0x74
 .text.I2C_0_write1ByteRegister
                0x000000000000070e       0x74 src/i2c_simple_master.o
                0x000000000000070e                I2C_0_write1ByteRegister

.text.atmel_start_init
                0x0000000000000782        0x2
 .text.atmel_start_init
                0x0000000000000782        0x2 atmel_start.o
                0x0000000000000782                atmel_start_init

.text.relay_set
                0x0000000000000784      0x222
 .text.relay_set
                0x0000000000000784      0x222 main.o
                0x0000000000000784                relay_set

.text.avrlibc   0x00000000000009a6      0x42e
 .text.avrlibc  0x00000000000009a6      0x42e c:/program files/microchip/xc8/v2.31/avr/bin/../lib/gcc/avr/5.4.0/../../../../avr/lib/avr5/memx-const\libc.a(vfprintf_std.o)
                0x00000000000009a6                vfprintf

.text.libgcc.prologue
                0x0000000000000dd4       0x36
 .text.libgcc.prologue
                0x0000000000000dd4       0x36 c:/program files/microchip/xc8/v2.31/avr/bin/../lib/gcc/avr/5.4.0/avr5/memx-const\libgcc.a(_epilogue.o)
                0x0000000000000dd4                __epilogue_restores__

.text.libgcc.prologue
                0x0000000000000e0a       0x38
 .text.libgcc.prologue
                0x0000000000000e0a       0x38 c:/program files/microchip/xc8/v2.31/avr/bin/../lib/gcc/avr/5.4.0/avr5/memx-const\libgcc.a(_prologue.o)
                0x0000000000000e0a                __prologue_saves__

.text.I2C_0_set_data_complete_callback
                0x0000000000000e42       0x2c
 .text.I2C_0_set_data_complete_callback
                0x0000000000000e42       0x2c src/i2c_master.o
                0x0000000000000e42                I2C_0_set_data_complete_callback

.text.I2C_0_set_buffer
                0x0000000000000e6e       0x22
 .text.I2C_0_set_buffer
                0x0000000000000e6e       0x22 src/i2c_master.o
                0x0000000000000e6e                I2C_0_set_buffer

.text.I2C_0_set_address_nack_callback
                0x0000000000000e90       0x2c
 .text.I2C_0_set_address_nack_callback
                0x0000000000000e90       0x2c src/i2c_master.o
                0x0000000000000e90                I2C_0_set_address_nack_callback

.text.I2C_0_master_write
                0x0000000000000ebc       0x26
 .text.I2C_0_master_write
                0x0000000000000ebc       0x26 src/i2c_master.o
                0x0000000000000ebc                I2C_0_master_write

.text.I2C_0_close
                0x0000000000000ee2       0x32
 .text.I2C_0_close
                0x0000000000000ee2       0x32 src/i2c_master.o
                0x0000000000000ee2                I2C_0_close

.text.I2C_0_open
                0x0000000000000f14       0x9e
 .text.I2C_0_open
                0x0000000000000f14       0x9e src/i2c_master.o
                0x0000000000000f14                I2C_0_open

.text.system_init
                0x0000000000000fb2       0xb4
 .text.system_init
                0x0000000000000fb2       0xb4 src/driver_init.o
                0x0000000000000fb2                system_init

.text.avrlibc   0x0000000000001066       0x78
 .text.avrlibc  0x0000000000001066       0x78 c:/program files/microchip/xc8/v2.31/avr/bin/../lib/gcc/avr/5.4.0/../../../../avr/lib/avr5/memx-const\libc.a(fputc.o)
                0x0000000000001066                fputc

.text.avrlibc   0x00000000000010de       0xbc
 .text.avrlibc  0x00000000000010de       0xbc c:/program files/microchip/xc8/v2.31/avr/bin/../lib/gcc/avr/5.4.0/../../../../avr/lib/avr5/memx-const\libc.a(ultoa_invert.o)
                0x00000000000010de                __ultoa_invert

.text.avrlibc   0x000000000000119a       0x36
 .text.avrlibc  0x000000000000119a       0x36 c:/program files/microchip/xc8/v2.31/avr/bin/../lib/gcc/avr/5.4.0/../../../../avr/lib/avr5/memx-const\libc.a(strnlen_M.o)
                0x000000000000119a                strnlen

.text.I2C_0_initialization
                0x00000000000011d0        0xe
 .text.I2C_0_initialization
                0x00000000000011d0        0xe src/driver_init.o
                0x00000000000011d0                I2C_0_initialization

.text.TIMER_0_init
                0x00000000000011de       0x18
 .text.TIMER_0_init
                0x00000000000011de       0x18 src/tc8.o
                0x00000000000011de                TIMER_0_init

.text.TIMER_1_init
                0x00000000000011f6       0x2e
 .text.TIMER_1_init
                0x00000000000011f6       0x2e src/tc16.o
                0x00000000000011f6                TIMER_1_init

.text.TIMER_2_init
                0x0000000000001224       0x2e
 .text.TIMER_2_init
                0x0000000000001224       0x2e src/tc16.o
                0x0000000000001224                TIMER_2_init

.text.USART_0_initialization
                0x0000000000001252        0xa
 .text.USART_0_initialization
                0x0000000000001252        0xa src/driver_init.o
                0x0000000000001252                USART_0_initialization

.text.protected_write_io
                0x000000000000125c        0xe
 .text.protected_write_io
                0x000000000000125c        0xe src/protected_io.o
                0x000000000000125c                protected_write_io

.text.I2C_0_init
                0x000000000000126a       0x1e
 .text.I2C_0_init
                0x000000000000126a       0x1e src/i2c_master.o
                0x000000000000126a                I2C_0_init

.text.USART_0_init
                0x0000000000001288       0x30
 .text.USART_0_init
                0x0000000000001288       0x30 src/usart_basic.o
                0x0000000000001288                USART_0_init

.text           0x00000000000012b8        0x4
 .text          0x00000000000012b8        0x4 C:/Program Files (x86)/Atmel/Studio/7.0/Packs/atmel/ATmega_DFP/1.6.364/xc8/avr/lib/avr5/memx-const/crtatmega328pb.o
                0x00000000000012b8                __vector_38
                0x00000000000012b8                __vector_22
                0x00000000000012b8                __vector_28
                0x00000000000012b8                __vector_1
                0x00000000000012b8                __vector_32
                0x00000000000012b8                __vector_34
                0x00000000000012b8                __vector_12
                0x00000000000012b8                __bad_interrupt
                0x00000000000012b8                __vector_6
                0x00000000000012b8                __vector_31
                0x00000000000012b8                __vector_35
                0x00000000000012b8                __vector_39
                0x00000000000012b8                __vector_3
                0x00000000000012b8                __vector_23
                0x00000000000012b8                __vector_30
                0x00000000000012b8                __vector_25
                0x00000000000012b8                __vector_13
                0x00000000000012b8                __vector_17
                0x00000000000012b8                __vector_19
                0x00000000000012b8                __vector_7
                0x00000000000012b8                __vector_41
                0x00000000000012b8                __vector_43
                0x00000000000012b8                __vector_27
                0x00000000000012b8                __vector_5
                0x00000000000012b8                __vector_37
                0x00000000000012b8                __vector_4
                0x00000000000012b8                __vector_44
                0x00000000000012b8                __vector_9
                0x00000000000012b8                __vector_2
                0x00000000000012b8                __vector_21
                0x00000000000012b8                __vector_15
                0x00000000000012b8                __vector_36
                0x00000000000012b8                __vector_29
                0x00000000000012b8                __vector_40
                0x00000000000012b8                __vector_8
                0x00000000000012b8                __vector_26
                0x00000000000012b8                __vector_14
                0x00000000000012b8                __vector_10
                0x00000000000012b8                __vector_18
                0x00000000000012b8                __vector_20
                0x00000000000012b8                __vector_42

.text.SW_05_BTN_get_level
                0x00000000000012bc        0x6
 .text.SW_05_BTN_get_level
                0x00000000000012bc        0x6 main.o

.text.SW_04_BTN_get_level
                0x00000000000012c2        0xa
 .text.SW_04_BTN_get_level
                0x00000000000012c2        0xa main.o

.text.SW_02_BTN_get_level
                0x00000000000012cc        0x8
 .text.SW_02_BTN_get_level
                0x00000000000012cc        0x8 main.o

.text.SW_01_BTN_get_level
                0x00000000000012d4        0xa
 .text.SW_01_BTN_get_level
                0x00000000000012d4        0xa main.o

.text.SW_08_BTN_get_level
                0x00000000000012de        0xa
 .text.SW_08_BTN_get_level
                0x00000000000012de        0xa main.o

.text.SW_06_BTN_get_level
                0x00000000000012e8        0xa
 .text.SW_06_BTN_get_level
                0x00000000000012e8        0xa main.o

.text.SW_07_BTN_get_level
                0x00000000000012f2        0x8
 .text.SW_07_BTN_get_level
                0x00000000000012f2        0x8 main.o

.text.SW_03_BTN_get_level
                0x00000000000012fa        0xa
 .text.SW_03_BTN_get_level
                0x00000000000012fa        0xa main.o

.text.test      0x0000000000001304      0x1b6
 .text.test     0x0000000000001304      0x1b6 main.o
                0x0000000000001304                test

.progmemx.data  0x00000000000014ba       0xf2
 .progmemx.data
                0x00000000000014ba       0xf2 main.o

.text.system_mode_tick
                0x00000000000015ac      0x128
 .text.system_mode_tick
                0x00000000000015ac      0x128 main.o
                0x00000000000015ac                system_mode_tick

.text.__vector_16
                0x00000000000016d4       0xc4
 .text.__vector_16
                0x00000000000016d4       0xc4 main.o
                0x00000000000016d4                __vector_16

.text.__vector_11
                0x0000000000001798       0x52
 .text.__vector_11
                0x0000000000001798       0x52 main.o
                0x0000000000001798                __vector_11

.text.__vector_33
                0x00000000000017ea       0x46
 .text.__vector_33
                0x00000000000017ea       0x46 main.o
                0x00000000000017ea                __vector_33

.progmemx.data.order_power_down
                0x0000000000001830        0x5
 .progmemx.data.order_power_down
                0x0000000000001830        0x5 main.o
                0x0000000000001830                order_power_down

.text.I2C_0_do_I2C_RESET
                0x0000000000001835       0x17
 *fill*         0x0000000000001835        0x1 
 .text.I2C_0_do_I2C_RESET
                0x0000000000001836       0x16 src/i2c_master.o

.text.I2C_0_do_I2C_IDLE
                0x000000000000184c       0x10
 .text.I2C_0_do_I2C_IDLE
                0x000000000000184c       0x10 src/i2c_master.o

.text.I2C_0_do_I2C_SEND_RESTART_WRITE
                0x000000000000185c        0xe
 .text.I2C_0_do_I2C_SEND_RESTART_WRITE
                0x000000000000185c        0xe src/i2c_master.o

.text.I2C_0_do_I2C_SEND_RESTART
                0x000000000000186a        0xe
 .text.I2C_0_do_I2C_SEND_RESTART
                0x000000000000186a        0xe src/i2c_master.o

.text.I2C_0_do_I2C_SEND_RESTART_READ
                0x0000000000001878        0x2
 .text.I2C_0_do_I2C_SEND_RESTART_READ
                0x0000000000001878        0x2 src/i2c_master.o

.text.I2C_0_do_I2C_DO_NACK_STOP
                0x000000000000187a       0x1a
 .text.I2C_0_do_I2C_DO_NACK_STOP
                0x000000000000187a       0x1a src/i2c_master.o

.text.I2C_0_do_I2C_SEND_STOP
                0x0000000000001894        0x2
 .text.I2C_0_do_I2C_SEND_STOP
                0x0000000000001894        0x2 src/i2c_master.o

.text.I2C_0_do_I2C_DO_NACK_RESTART
                0x0000000000001896        0xe
 .text.I2C_0_do_I2C_DO_NACK_RESTART
                0x0000000000001896        0xe src/i2c_master.o

.text.I2C_0_do_I2C_BUS_ERROR
                0x00000000000018a4       0x18
 .text.I2C_0_do_I2C_BUS_ERROR
                0x00000000000018a4       0x18 src/i2c_master.o

.text.I2C_0_return_stop
                0x00000000000018bc        0x4
 .text.I2C_0_return_stop
                0x00000000000018bc        0x4 src/i2c_master.o

.text.I2C_0_return_reset
                0x00000000000018c0        0x4
 .text.I2C_0_return_reset
                0x00000000000018c0        0x4 src/i2c_master.o

.text.I2C_0_do_I2C_DO_ADDRESS_NACK
                0x00000000000018c4       0x58
 .text.I2C_0_do_I2C_DO_ADDRESS_NACK
                0x00000000000018c4       0x58 src/i2c_master.o

.text.I2C_0_do_I2C_TX_DO_ACK
                0x000000000000191c       0x10
 .text.I2C_0_do_I2C_TX_DO_ACK
                0x000000000000191c       0x10 src/i2c_master.o

.text.I2C_0_do_I2C_SEND_ADR_READ
                0x000000000000192c       0x50
 .text.I2C_0_do_I2C_SEND_ADR_READ
                0x000000000000192c       0x50 src/i2c_master.o

.text.I2C_0_do_I2C_RX_DO_ACK
                0x000000000000197c       0x34
 .text.I2C_0_do_I2C_RX_DO_ACK
                0x000000000000197c       0x34 src/i2c_master.o

.text.I2C_0_do_I2C_TX
                0x00000000000019b0       0xb2
 .text.I2C_0_do_I2C_TX
                0x00000000000019b0       0xb2 src/i2c_master.o

.text.I2C_0_do_I2C_RX
                0x0000000000001a62       0xe8
 .text.I2C_0_do_I2C_RX
                0x0000000000001a62       0xe8 src/i2c_master.o

.text.I2C_0_do_I2C_TX_EMPTY
                0x0000000000001b4a       0x9a
 .text.I2C_0_do_I2C_TX_EMPTY
                0x0000000000001b4a       0x9a src/i2c_master.o

.text.I2C_0_do_I2C_BUS_COLLISION
                0x0000000000001be4       0x54
 .text.I2C_0_do_I2C_BUS_COLLISION
                0x0000000000001be4       0x54 src/i2c_master.o

.text.I2C_0_do_I2C_SEND_ADR_WRITE
                0x0000000000001c38       0x4e
 .text.I2C_0_do_I2C_SEND_ADR_WRITE
                0x0000000000001c38       0x4e src/i2c_master.o

.text.__vector_24
                0x0000000000001c86       0x92
 .text.__vector_24
                0x0000000000001c86       0x92 src/i2c_master.o
                0x0000000000001c86                __vector_24

.text.I2C_0_wr1RegCompleteHandler
                0x0000000000001d18       0x14
 .text.I2C_0_wr1RegCompleteHandler
                0x0000000000001d18       0x14 src/i2c_simple_master.o

.text.i2c_cb_restart_write
                0x0000000000001d2c        0x4
 .text.i2c_cb_restart_write
                0x0000000000001d2c        0x4 src/i2c_types.o
                0x0000000000001d2c                i2c_cb_restart_write

.text.USART_0_printCHAR
                0x0000000000001d30       0x12
 .text.USART_0_printCHAR
                0x0000000000001d30       0x12 src/usart_basic.o
                0x0000000000001d30                USART_0_printCHAR

.data.i2c_send  0x000000000080011d        0x1 load address 0x0000000000001d42
 .data.i2c_send
                0x000000000080011d        0x1 main.o
                0x000000000080011d                i2c_send

.data.fp_btn    0x000000000080011e       0x10 load address 0x0000000000001d43
 .data.fp_btn   0x000000000080011e       0x10 main.o
                0x000000000080011e                fp_btn

.data.system_mode_names
                0x000000000080012e        0xf load address 0x0000000000001d53
 .data.system_mode_names
                0x000000000080012e        0xf main.o
                0x000000000080012e                system_mode_names

.data.I2C_0_fsmStateTable
                0x000000000080013d       0x24 load address 0x0000000000001d62
 .data.I2C_0_fsmStateTable
                0x000000000080013d       0x24 src/i2c_master.o
                0x000000000080013d                I2C_0_fsmStateTable

.data.USART_0_stream
                0x0000000000800161        0xf load address 0x0000000000001d86
 .data.USART_0_stream
                0x0000000000800161        0xf src/usart_basic.o
                0x0000000000800161                USART_0_stream

.bss.led        0x0000000000800170        0x2
 .bss.led       0x0000000000800170        0x2 main.o
                0x0000000000800170                led

.bss.pwm        0x0000000000800172        0x1
 .bss.pwm       0x0000000000800172        0x1 main.o
                0x0000000000800172                pwm

.bss.pgm_flash  0x0000000000800173        0x1
 .bss.pgm_flash
                0x0000000000800173        0x1 main.o
                0x0000000000800173                pgm_flash

.bss.pgm_state  0x0000000000800174        0x1
 .bss.pgm_state
                0x0000000000800174        0x1 main.o
                0x0000000000800174                pgm_state

.bss.system_mode
                0x0000000000800175        0x1
 .bss.system_mode
                0x0000000000800175        0x1 main.o
                0x0000000000800175                system_mode

.bss.I2C_0_status
                0x0000000000800176       0x24
 .bss.I2C_0_status
                0x0000000000800176       0x24 src/i2c_master.o
                0x0000000000800176                I2C_0_status
